\BOOKMARK [1][-]{section.1}{\376\377\134\017\200\014\137\072\131\047\377\032\122\051\165\050\217\173\221\317\176\247\131\047\213\355\212\000\152\041\127\213\130\236\137\072\145\366\136\217\230\204\155\113}{}% 1
\BOOKMARK [2][-]{subsection.1.1}{\376\377\144\130\211\201}{section.1}% 2
\BOOKMARK [2][-]{subsection.1.2}{\376\377\0001\000\040\137\025\212\000}{section.1}% 3
\BOOKMARK [2][-]{subsection.1.3}{\376\377\0002\000\040\166\370\121\163\135\345\117\134}{section.1}% 4
\BOOKMARK [2][-]{subsection.1.4}{\376\377\0002\000.\0001\000\040\145\366\136\217\230\204\155\113\145\271\154\325}{section.1}% 5
\BOOKMARK [2][-]{subsection.1.5}{\376\377\0002\000.\0001\000.\0001\000\040\117\040\176\337\145\271\154\325}{section.1}% 6
\BOOKMARK [2][-]{subsection.1.6}{\376\377\0002\000.\0001\000.\0002\000\040\127\372\116\216\000L\000L\000M\166\204\145\271\154\325}{section.1}% 7
\BOOKMARK [2][-]{subsection.1.7}{\376\377\0002\000.\0002\000\040\227\142\124\021\145\366\136\217\230\204\155\113\166\204\134\017\213\355\212\000\152\041\127\213}{section.1}% 8
\BOOKMARK [2][-]{subsection.1.8}{\376\377\0003\000\040\145\271\154\325\213\272}{section.1}% 9
\BOOKMARK [2][-]{subsection.1.9}{\376\377\0003\000.\0001\000\040\176\337\213\241\130\236\137\072\166\204\143\320\171\072\176\323\147\204}{section.1}% 10
\BOOKMARK [2][-]{subsection.1.10}{\376\377\0003\000.\0001\000.\0001\000\040\145\366\225\364\142\063\143\317\217\360\173\046}{section.1}% 11
\BOOKMARK [2][-]{subsection.1.11}{\376\377\0003\000.\0001\000.\0002\000\040\176\337\213\241\143\317\217\360\173\046}{section.1}% 12
\BOOKMARK [2][-]{subsection.1.12}{\376\377\0003\000.\0002\000\040\201\352\220\002\136\224\207\215\124\010\135\114\121\145\176\323\147\204}{section.1}% 13
\BOOKMARK [2][-]{subsection.1.13}{\376\377\0003\000.\0003\000\040\122\250\140\001\155\367\124\010\116\023\133\266\176\323\147\204}{section.1}% 14
\BOOKMARK [2][-]{subsection.1.14}{\376\377\0004\000\040\133\236\232\214}{section.1}% 15
\BOOKMARK [2][-]{subsection.1.15}{\376\377\0004\000.\0001\000\040\133\236\232\214\213\276\177\156}{section.1}% 16
\BOOKMARK [2][-]{subsection.1.16}{\376\377\0004\000.\0001\000.\0001\000\040\145\160\143\156\226\306\143\317\217\360}{section.1}% 17
\BOOKMARK [2][-]{subsection.1.17}{\376\377\0004\000.\0001\000.\0002\000\040\133\371\153\324\145\271\154\325}{section.1}% 18
\BOOKMARK [2][-]{subsection.1.18}{\376\377\0004\000.\0001\000.\0003\000\040\133\236\163\260\176\306\202\202}{section.1}% 19
\BOOKMARK [2][-]{subsection.1.19}{\376\377\0004\000.\0002\000\040\116\073\211\201\176\323\147\234}{section.1}% 20
\BOOKMARK [2][-]{subsection.1.20}{\376\377\0004\000.\0003\000\040\122\250\140\001\155\367\124\010\116\023\133\266\150\106\147\266\122\006\147\220}{section.1}% 21
\BOOKMARK [2][-]{subsection.1.21}{\376\377\0004\000.\0004\000\040\155\210\207\215\170\024\172\166}{section.1}% 22
\BOOKMARK [2][-]{subsection.1.22}{\376\377\0004\000.\0005\000\040\215\205\123\302\145\160\145\117\141\037\140\047\122\006\147\220}{section.1}% 23
\BOOKMARK [2][-]{subsection.1.23}{\376\377\0004\000.\0006\000\040\230\204\155\113\150\110\117\213\134\125\171\072}{section.1}% 24
\BOOKMARK [2][-]{subsection.1.24}{\376\377\0005\000\040\134\100\226\120\140\047}{section.1}% 25
\BOOKMARK [2][-]{subsection.1.25}{\376\377\0006\000\040\201\364\214\042}{section.1}% 26
\BOOKMARK [2][-]{subsection.1.26}{\376\377\0007\000\040\176\323\213\272}{section.1}% 27
\BOOKMARK [2][-]{subsection.1.27}{\376\377\000R\000e\000f\000e\000r\000e\000n\000c\000e\000s}{section.1}% 28
